// Jest Snapshot v1, https://goo.gl/fbAQLP

exports[`unslackify to match snapshot 1`] = `"<br>   <span class=\\"govuk-!-font-weight-bold\\">bold1</span> non bold<br><span class=\\"govuk-!-font-weight-bold\\">bold2</span> not bold2<br><span class=\\"hmcts-!-font-style-italic\\">Test italic</span> and non italic<br><span class=\\"hmcts-!-font-style-italic\\">Test2 italic2</span> and non italic<br><span class=\\"hmcts-!-text-decoration-line-through\\">strike through</span> and non<br><span class=\\"hmcts-!-text-decoration-line-through\\">strike through2</span> and non<br><br><code>code</code> inline code<br><br><code>code23</code> inline code<br><br><code><pre>multi-line code<br><br>hello</pre></code><br><code><pre>multi-line2 code<br><br>hello3</pre></code><br><blockquote>block quote</blockquote><blockquote>on multi lines</blockquote><blockquote>block quote2</blockquote><blockquote>on multi lines2</blockquote><br><br>1. ordered list<br>2. second item<br>1. ordered list2<br>2. second item2<br><br>• bulleted list<br>• second item bulleted list<br>• bulleted list2<br>• second item bulleted list2<br>Link1:<br><a class=\\"govuk-link\\" href=\\"https://github.com/hmcts/azure-platform-terraform/commit/82f70a946b14db4616b0b53bb61c8fc5a8f4dab4\\">https://github.com/hmcts/azure-platform-terraform/commit/82f70a946b14db4616b0b53bb61c8fc5a8f4dab4</a><br><br>link2:<br><a class=\\"govuk-link\\" href=\\"https://dev.azure.com/hmcts/CNP/_build/results?buildId=247004&amp;view=ms.vss-test-web.build-test-results-tab\\">https://dev.azure.com/hmcts/CNP/_build/results?buildId=247004&amp;view=ms.vss-test-web.build-test-results-tab</a><br><br><a class=\\"govuk-link\\" href=\\"https://github.com/hmcts/azure-platform-terraform/commit/82f70a946b14db4616b0b53bb61c8fc5a8f4dab4\\">link with text1</a><br><br><a class=\\"govuk-link\\" href=\\"https://dev.azure.com/hmcts/CNP/_build/results?buildId=247004&amp;view=ms.vss-test-web.build-test-results-tab\\">link with text2</a><br><br>@I like rice Hi<br><br>@I like rice Bye<br><br>@I like rice let’s make sure this works for people other than me"`;
